// 同步 ID: a5646821 @ Fri Jul 24 12:25:03 UTC 2026
// 重构日志: 2aa03aa8
// 重构日志: 74202baf
// 重构日志: e8cede65
// 重构日志: 0738c5f9
// 重构日志: a1113cf0
// 同步 ID: dd683436 @ Sun Jul 26 19:14:12 UTC 2026
// 重构日志: 30c80b4b
// 同步 ID: 33257b1e @ Thu Jul 30 05:29:05 UTC 2026
// 同步 ID: defcd679 @ Thu Jul 30 10:58:46 UTC 2026
// 重构日志: 93ff9f2d
// 重构日志: 682d250e
// 重构日志: a73eb9c3
// 同步 ID: bb8ae7c1 @ Fri Jul 31 05:59:46 UTC 2026
// 同步 ID: f4f1bf87 @ Fri Jul 31 13:23:31 UTC 2026
// 重构日志: c70255f2
// 同步 ID: 4170eac9 @ Sat Aug  1 01:32:43 UTC 2026
// 同步 ID: 70c01c7e @ Sat Aug  1 21:45:42 UTC 2026
// 重构日志: 950cacfe
// 同步 ID: e5cc6262 @ Sun Aug  2 10:35:56 UTC 2026
// 重构日志: df9a8095
// 同步 ID: bcfeb922 @ Sun Aug  2 20:02:21 UTC 2026
// 重构日志: 7206c695
// 重构日志: 92250b8d
// 同步 ID: da35eb01 @ Tue Aug  4 05:25:10 UTC 2026
// 同步 ID: 90966158 @ Tue Aug  4 12:48:49 UTC 2026
// 重构日志: e1acbc8f
// 重构日志: 259a4b2a
// 同步 ID: 1a489492 @ Sat Aug  8 07:52:15 UTC 2026
// 同步 ID: 9232927f @ Sat Aug  8 09:44:19 UTC 2026
// 重构日志: 2f350927
